0 verbose cli C:\Program Files\nodejs\node.exe C:\Program Files\nodejs\node_modules\npm\bin\npm-cli.js
1 info using npm@11.6.1
2 info using node@v24.11.0
3 silly config load:file:C:\Program Files\nodejs\node_modules\npm\npmrc
4 silly config load:file:C:\Users\SILVER\Documents\dt-outage-system\frontend\.npmrc
5 silly config load:file:C:\Users\SILVER\.npmrc
6 silly config load:file:C:\Users\SILVER\AppData\Roaming\npm\etc\npmrc
7 verbose title npm install
8 verbose argv "install" "--package-lock-only" "--ignore-scripts" "--cache" ".npm-cache"
9 verbose logfile logs-max:10 dir:C:\Users\SILVER\Documents\dt-outage-system\frontend\.npm-cache\_logs\2026-09-21T08_17_40_813Z-
10 verbose logfile C:\Users\SILVER\Documents\dt-outage-system\frontend\.npm-cache\_logs\2026-09-21T08_17_40_813Z-debug-0.log
11 silly logfile done cleaning log files
12 silly packumentCache heap:2348810240 maxSize:587202560 maxEntrySize:293601280
13 silly idealTree buildDeps
14 http fetch GET https://registry.npmjs.org/npm attempt 1 failed with EACCES
15 http cache https://registry.npmjs.org/@tailwindcss/oxide-wasm32-wasi/-/oxide-wasm32-wasi-4.3.3.tgz 1ms (cache hit)
16 silly tarball no local data for https://registry.npmjs.org/@tailwindcss/oxide-wasm32-wasi/-/oxide-wasm32-wasi-4.3.3.tgz. Extracting by manifest.
17 http fetch GET https://registry.npmjs.org/@tailwindcss/oxide-wasm32-wasi/-/oxide-wasm32-wasi-4.3.3.tgz attempt 1 failed with EACCES
18 http fetch GET https://registry.npmjs.org/npm attempt 2 failed with EACCES
19 http fetch GET https://registry.npmjs.org/@tailwindcss/oxide-wasm32-wasi/-/oxide-wasm32-wasi-4.3.3.tgz attempt 2 failed with EACCES
20 http fetch GET https://registry.npmjs.org/npm attempt 3 failed with EACCES
21 http fetch GET https://registry.npmjs.org/@tailwindcss/oxide-wasm32-wasi/-/oxide-wasm32-wasi-4.3.3.tgz attempt 3 failed with EACCES
22 verbose type system
23 verbose stack FetchError: request to https://registry.npmjs.org/@tailwindcss/oxide-wasm32-wasi/-/oxide-wasm32-wasi-4.3.3.tgz failed, reason: 
23 verbose stack     at ClientRequest.<anonymous> (C:\Program Files\nodejs\node_modules\npm\node_modules\minipass-fetch\lib\index.js:130:14)
23 verbose stack     at ClientRequest.emit (node:events:508:28)
23 verbose stack     at emitErrorEvent (node:_http_client:107:11)
23 verbose stack     at _destroy (node:_http_client:954:9)
23 verbose stack     at onSocketNT (node:_http_client:974:5)
23 verbose stack     at process.processTicksAndRejections (node:internal/process/task_queues:91:21)
24 error code EACCES
25 error errno EACCES
26 error FetchError: request to https://registry.npmjs.org/@tailwindcss/oxide-wasm32-wasi/-/oxide-wasm32-wasi-4.3.3.tgz failed, reason: 
26 error     at ClientRequest.<anonymous> (C:\Program Files\nodejs\node_modules\npm\node_modules\minipass-fetch\lib\index.js:130:14)
26 error     at ClientRequest.emit (node:events:508:28)
26 error     at emitErrorEvent (node:_http_client:107:11)
26 error     at _destroy (node:_http_client:954:9)
26 error     at onSocketNT (node:_http_client:974:5)
26 error     at process.processTicksAndRejections (node:internal/process/task_queues:91:21) {
26 error   code: 'EACCES',
26 error   errno: 'EACCES',
26 error   type: 'system'
26 error }
27 error
27 error The operation was rejected by your operating system.
27 error It's possible that the file was already in use (by a text editor or antivirus),
27 error or that you lack permissions to access it.
27 error
27 error If you believe this might be a permissions issue, please double-check the
27 error permissions of the file and its containing directories, or try running
27 error the command again as root/Administrator.
28 silly unfinished npm timer reify 1789978661802
29 silly unfinished npm timer reify:loadTrees 1789978661802
30 silly unfinished npm timer idealTree:buildDeps 1789978662203
31 silly unfinished npm timer idealTree:node_modules/@tailwindcss/oxide-wasm32-wasi 1789978662204
32 verbose cwd C:\Users\SILVER\Documents\dt-outage-system\frontend
33 verbose os Windows_NT 10.0.22621
34 verbose node v24.11.0
35 verbose npm  v11.6.1
36 verbose exit 1
37 verbose code 1
38 error A complete log of this run can be found in: C:\Users\SILVER\Documents\dt-outage-system\frontend\.npm-cache\_logs\2026-09-21T08_17_40_813Z-debug-0.log
